------------------------------------------------------------
Timing Analyzer Summary
------------------------------------------------------------

Type  : Slow 1100mV 85C Model Setup 'CLOCK_50_B5B'
Slack : -2.984
TNS   : -137.018

Type  : Slow 1100mV 85C Model Hold 'CLOCK_50_B5B'
Slack : 0.441
TNS   : 0.000

Type  : Slow 1100mV 85C Model Minimum Pulse Width 'CLOCK_50_B5B'
Slack : -0.538
TNS   : -37.376

Type  : Slow 1100mV 0C Model Setup 'CLOCK_50_B5B'
Slack : -2.994
TNS   : -138.038

Type  : Slow 1100mV 0C Model Hold 'CLOCK_50_B5B'
Slack : 0.448
TNS   : 0.000

Type  : Slow 1100mV 0C Model Minimum Pulse Width 'CLOCK_50_B5B'
Slack : -0.538
TNS   : -37.257

Type  : Fast 1100mV 85C Model Setup 'CLOCK_50_B5B'
Slack : -0.914
TNS   : -40.407

Type  : Fast 1100mV 85C Model Hold 'CLOCK_50_B5B'
Slack : 0.200
TNS   : 0.000

Type  : Fast 1100mV 85C Model Minimum Pulse Width 'CLOCK_50_B5B'
Slack : -0.371
TNS   : -19.104

Type  : Fast 1100mV 0C Model Setup 'CLOCK_50_B5B'
Slack : -0.768
TNS   : -33.842

Type  : Fast 1100mV 0C Model Hold 'CLOCK_50_B5B'
Slack : 0.190
TNS   : 0.000

Type  : Fast 1100mV 0C Model Minimum Pulse Width 'CLOCK_50_B5B'
Slack : -0.412
TNS   : -23.646

------------------------------------------------------------
