------------------------------------------------------------
Timing Analyzer Summary
------------------------------------------------------------

Type  : Slow 1100mV 85C Model Setup 'CLOCK_50_B5B'
Slack : -3.034
TNS   : -82.978

Type  : Slow 1100mV 85C Model Hold 'CLOCK_50_B5B'
Slack : 0.452
TNS   : 0.000

Type  : Slow 1100mV 85C Model Minimum Pulse Width 'CLOCK_50_B5B'
Slack : -0.538
TNS   : -23.392

Type  : Slow 1100mV 0C Model Setup 'CLOCK_50_B5B'
Slack : -3.055
TNS   : -84.482

Type  : Slow 1100mV 0C Model Hold 'CLOCK_50_B5B'
Slack : 0.457
TNS   : 0.000

Type  : Slow 1100mV 0C Model Minimum Pulse Width 'CLOCK_50_B5B'
Slack : -0.538
TNS   : -23.291

Type  : Fast 1100mV 85C Model Setup 'CLOCK_50_B5B'
Slack : -0.963
TNS   : -24.099

Type  : Fast 1100mV 85C Model Hold 'CLOCK_50_B5B'
Slack : 0.181
TNS   : 0.000

Type  : Fast 1100mV 85C Model Minimum Pulse Width 'CLOCK_50_B5B'
Slack : -0.371
TNS   : -12.112

Type  : Fast 1100mV 0C Model Setup 'CLOCK_50_B5B'
Slack : -0.811
TNS   : -20.206

Type  : Fast 1100mV 0C Model Hold 'CLOCK_50_B5B'
Slack : 0.172
TNS   : 0.000

Type  : Fast 1100mV 0C Model Minimum Pulse Width 'CLOCK_50_B5B'
Slack : -0.413
TNS   : -15.042

------------------------------------------------------------
