------------------------------------------------------------
Timing Analyzer Summary
------------------------------------------------------------

Type  : Slow 1100mV 85C Model Setup 'CLOCK_50_B5B'
Slack : -5.540
TNS   : -243.278

Type  : Slow 1100mV 85C Model Setup 'hz1'
Slack : -5.448
TNS   : -17.717

Type  : Slow 1100mV 85C Model Hold 'CLOCK_50_B5B'
Slack : -1.079
TNS   : -3.965

Type  : Slow 1100mV 85C Model Hold 'hz1'
Slack : 0.880
TNS   : 0.000

Type  : Slow 1100mV 85C Model Minimum Pulse Width 'CLOCK_50_B5B'
Slack : -0.645
TNS   : -62.447

Type  : Slow 1100mV 85C Model Minimum Pulse Width 'hz1'
Slack : -0.538
TNS   : -3.107

Type  : Slow 1100mV 0C Model Setup 'CLOCK_50_B5B'
Slack : -5.746
TNS   : -242.096

Type  : Slow 1100mV 0C Model Setup 'hz1'
Slack : -5.674
TNS   : -18.391

Type  : Slow 1100mV 0C Model Hold 'CLOCK_50_B5B'
Slack : -1.500
TNS   : -7.349

Type  : Slow 1100mV 0C Model Hold 'hz1'
Slack : 0.858
TNS   : 0.000

Type  : Slow 1100mV 0C Model Minimum Pulse Width 'CLOCK_50_B5B'
Slack : -0.643
TNS   : -62.498

Type  : Slow 1100mV 0C Model Minimum Pulse Width 'hz1'
Slack : -0.538
TNS   : -3.088

Type  : Fast 1100mV 85C Model Setup 'CLOCK_50_B5B'
Slack : -2.719
TNS   : -91.853

Type  : Fast 1100mV 85C Model Setup 'hz1'
Slack : -2.192
TNS   : -6.882

Type  : Fast 1100mV 85C Model Hold 'CLOCK_50_B5B'
Slack : -0.561
TNS   : -2.233

Type  : Fast 1100mV 85C Model Hold 'hz1'
Slack : 0.389
TNS   : 0.000

Type  : Fast 1100mV 85C Model Minimum Pulse Width 'CLOCK_50_B5B'
Slack : -0.720
TNS   : -32.545

Type  : Fast 1100mV 85C Model Minimum Pulse Width 'hz1'
Slack : 0.149
TNS   : 0.000

Type  : Fast 1100mV 0C Model Setup 'CLOCK_50_B5B'
Slack : -2.441
TNS   : -77.608

Type  : Fast 1100mV 0C Model Setup 'hz1'
Slack : -2.063
TNS   : -6.491

Type  : Fast 1100mV 0C Model Hold 'CLOCK_50_B5B'
Slack : -0.717
TNS   : -3.699

Type  : Fast 1100mV 0C Model Hold 'hz1'
Slack : 0.341
TNS   : 0.000

Type  : Fast 1100mV 0C Model Minimum Pulse Width 'CLOCK_50_B5B'
Slack : -0.723
TNS   : -39.815

Type  : Fast 1100mV 0C Model Minimum Pulse Width 'hz1'
Slack : 0.153
TNS   : 0.000

------------------------------------------------------------
