------------------------------------------------------------
Timing Analyzer Summary
------------------------------------------------------------

Type  : Slow 1100mV 85C Model Setup 'CLOCK_50_B5B'
Slack : -5.130
TNS   : -88.403

Type  : Slow 1100mV 85C Model Setup 'hz10'
Slack : -3.616
TNS   : -54.973

Type  : Slow 1100mV 85C Model Setup 'hz1'
Slack : -2.455
TNS   : -27.186

Type  : Slow 1100mV 85C Model Hold 'hz1'
Slack : 0.318
TNS   : 0.000

Type  : Slow 1100mV 85C Model Hold 'hz10'
Slack : 0.395
TNS   : 0.000

Type  : Slow 1100mV 85C Model Hold 'CLOCK_50_B5B'
Slack : 0.441
TNS   : 0.000

Type  : Slow 1100mV 85C Model Minimum Pulse Width 'CLOCK_50_B5B'
Slack : -0.674
TNS   : -23.700

Type  : Slow 1100mV 85C Model Minimum Pulse Width 'hz10'
Slack : -0.538
TNS   : -16.528

Type  : Slow 1100mV 85C Model Minimum Pulse Width 'hz1'
Slack : -0.538
TNS   : -12.030

Type  : Slow 1100mV 0C Model Setup 'CLOCK_50_B5B'
Slack : -5.340
TNS   : -88.996

Type  : Slow 1100mV 0C Model Setup 'hz10'
Slack : -3.741
TNS   : -54.861

Type  : Slow 1100mV 0C Model Setup 'hz1'
Slack : -2.455
TNS   : -26.916

Type  : Slow 1100mV 0C Model Hold 'hz1'
Slack : 0.317
TNS   : 0.000

Type  : Slow 1100mV 0C Model Hold 'hz10'
Slack : 0.367
TNS   : 0.000

Type  : Slow 1100mV 0C Model Hold 'CLOCK_50_B5B'
Slack : 0.444
TNS   : 0.000

Type  : Slow 1100mV 0C Model Minimum Pulse Width 'CLOCK_50_B5B'
Slack : -0.669
TNS   : -23.732

Type  : Slow 1100mV 0C Model Minimum Pulse Width 'hz10'
Slack : -0.538
TNS   : -16.380

Type  : Slow 1100mV 0C Model Minimum Pulse Width 'hz1'
Slack : -0.538
TNS   : -11.984

Type  : Fast 1100mV 85C Model Setup 'CLOCK_50_B5B'
Slack : -2.487
TNS   : -29.421

Type  : Fast 1100mV 85C Model Setup 'hz10'
Slack : -1.531
TNS   : -20.798

Type  : Fast 1100mV 85C Model Setup 'hz1'
Slack : -0.905
TNS   : -9.536

Type  : Fast 1100mV 85C Model Hold 'hz10'
Slack : -0.118
TNS   : -0.379

Type  : Fast 1100mV 85C Model Hold 'hz1'
Slack : -0.050
TNS   : -0.050

Type  : Fast 1100mV 85C Model Hold 'CLOCK_50_B5B'
Slack : 0.202
TNS   : 0.000

Type  : Fast 1100mV 85C Model Minimum Pulse Width 'CLOCK_50_B5B'
Slack : -0.739
TNS   : -12.905

Type  : Fast 1100mV 85C Model Minimum Pulse Width 'hz10'
Slack : 0.003
TNS   : 0.000

Type  : Fast 1100mV 85C Model Minimum Pulse Width 'hz1'
Slack : 0.070
TNS   : 0.000

Type  : Fast 1100mV 0C Model Setup 'CLOCK_50_B5B'
Slack : -2.219
TNS   : -25.458

Type  : Fast 1100mV 0C Model Setup 'hz10'
Slack : -1.334
TNS   : -17.965

Type  : Fast 1100mV 0C Model Setup 'hz1'
Slack : -0.794
TNS   : -8.099

Type  : Fast 1100mV 0C Model Hold 'hz10'
Slack : -0.148
TNS   : -0.562

Type  : Fast 1100mV 0C Model Hold 'hz1'
Slack : -0.081
TNS   : -0.094

Type  : Fast 1100mV 0C Model Hold 'CLOCK_50_B5B'
Slack : 0.192
TNS   : 0.000

Type  : Fast 1100mV 0C Model Minimum Pulse Width 'CLOCK_50_B5B'
Slack : -0.739
TNS   : -15.644

Type  : Fast 1100mV 0C Model Minimum Pulse Width 'hz10'
Slack : 0.036
TNS   : 0.000

Type  : Fast 1100mV 0C Model Minimum Pulse Width 'hz1'
Slack : 0.086
TNS   : 0.000

------------------------------------------------------------
