------------------------------------------------------------
Timing Analyzer Summary
------------------------------------------------------------

Type  : Slow 1100mV 85C Model Setup 'CLOCK_50_B5B'
Slack : -2.724
TNS   : -89.410

Type  : Slow 1100mV 85C Model Hold 'CLOCK_50_B5B'
Slack : 0.451
TNS   : 0.000

Type  : Slow 1100mV 85C Model Minimum Pulse Width 'CLOCK_50_B5B'
Slack : -0.538
TNS   : -28.088

Type  : Slow 1100mV 0C Model Setup 'CLOCK_50_B5B'
Slack : -2.824
TNS   : -89.308

Type  : Slow 1100mV 0C Model Hold 'CLOCK_50_B5B'
Slack : 0.455
TNS   : 0.000

Type  : Slow 1100mV 0C Model Minimum Pulse Width 'CLOCK_50_B5B'
Slack : -0.538
TNS   : -27.946

Type  : Fast 1100mV 85C Model Setup 'CLOCK_50_B5B'
Slack : -0.837
TNS   : -24.949

Type  : Fast 1100mV 85C Model Hold 'CLOCK_50_B5B'
Slack : 0.183
TNS   : 0.000

Type  : Fast 1100mV 85C Model Minimum Pulse Width 'CLOCK_50_B5B'
Slack : -0.371
TNS   : -14.450

Type  : Fast 1100mV 0C Model Setup 'CLOCK_50_B5B'
Slack : -0.678
TNS   : -20.084

Type  : Fast 1100mV 0C Model Hold 'CLOCK_50_B5B'
Slack : 0.175
TNS   : 0.000

Type  : Fast 1100mV 0C Model Minimum Pulse Width 'CLOCK_50_B5B'
Slack : -0.413
TNS   : -17.932

------------------------------------------------------------
