------------------------------------------------------------
Timing Analyzer Summary
------------------------------------------------------------

Type  : Slow 1100mV 85C Model Setup 'CLOCK_50_B5B'
Slack : -1.696
TNS   : -32.322

Type  : Slow 1100mV 85C Model Hold 'CLOCK_50_B5B'
Slack : 0.432
TNS   : 0.000

Type  : Slow 1100mV 85C Model Minimum Pulse Width 'CLOCK_50_B5B'
Slack : -0.538
TNS   : -19.310

Type  : Slow 1100mV 0C Model Setup 'CLOCK_50_B5B'
Slack : -1.898
TNS   : -35.986

Type  : Slow 1100mV 0C Model Hold 'CLOCK_50_B5B'
Slack : 0.431
TNS   : 0.000

Type  : Slow 1100mV 0C Model Minimum Pulse Width 'CLOCK_50_B5B'
Slack : -0.538
TNS   : -19.457

Type  : Fast 1100mV 85C Model Setup 'CLOCK_50_B5B'
Slack : -0.243
TNS   : -2.324

Type  : Fast 1100mV 85C Model Hold 'CLOCK_50_B5B'
Slack : 0.198
TNS   : 0.000

Type  : Fast 1100mV 85C Model Minimum Pulse Width 'CLOCK_50_B5B'
Slack : -0.367
TNS   : -9.991

Type  : Fast 1100mV 0C Model Setup 'CLOCK_50_B5B'
Slack : -0.224
TNS   : -1.947

Type  : Fast 1100mV 0C Model Hold 'CLOCK_50_B5B'
Slack : 0.187
TNS   : 0.000

Type  : Fast 1100mV 0C Model Minimum Pulse Width 'CLOCK_50_B5B'
Slack : -0.408
TNS   : -12.447

------------------------------------------------------------
