------------------------------------------------------------
Timing Analyzer Summary
------------------------------------------------------------

Type  : Slow 1100mV 85C Model Setup 'CLOCK_50_B5B'
Slack : -5.442
TNS   : -96.095

Type  : Slow 1100mV 85C Model Setup 'hz10'
Slack : -1.558
TNS   : -33.559

Type  : Slow 1100mV 85C Model Hold 'CLOCK_50_B5B'
Slack : 0.448
TNS   : 0.000

Type  : Slow 1100mV 85C Model Hold 'hz10'
Slack : 0.726
TNS   : 0.000

Type  : Slow 1100mV 85C Model Minimum Pulse Width 'CLOCK_50_B5B'
Slack : -0.649
TNS   : -23.694

Type  : Slow 1100mV 85C Model Minimum Pulse Width 'hz10'
Slack : -0.538
TNS   : -20.642

Type  : Slow 1100mV 0C Model Setup 'CLOCK_50_B5B'
Slack : -5.638
TNS   : -97.358

Type  : Slow 1100mV 0C Model Setup 'hz10'
Slack : -1.502
TNS   : -32.778

Type  : Slow 1100mV 0C Model Hold 'CLOCK_50_B5B'
Slack : 0.451
TNS   : 0.000

Type  : Slow 1100mV 0C Model Hold 'hz10'
Slack : 0.648
TNS   : 0.000

Type  : Slow 1100mV 0C Model Minimum Pulse Width 'CLOCK_50_B5B'
Slack : -0.664
TNS   : -23.712

Type  : Slow 1100mV 0C Model Minimum Pulse Width 'hz10'
Slack : -0.538
TNS   : -20.549

Type  : Fast 1100mV 85C Model Setup 'CLOCK_50_B5B'
Slack : -2.700
TNS   : -34.272

Type  : Fast 1100mV 85C Model Setup 'hz10'
Slack : -0.514
TNS   : -8.782

Type  : Fast 1100mV 85C Model Hold 'CLOCK_50_B5B'
Slack : 0.203
TNS   : 0.000

Type  : Fast 1100mV 85C Model Hold 'hz10'
Slack : 0.275
TNS   : 0.000

Type  : Fast 1100mV 85C Model Minimum Pulse Width 'CLOCK_50_B5B'
Slack : -0.727
TNS   : -12.957

Type  : Fast 1100mV 85C Model Minimum Pulse Width 'hz10'
Slack : 0.103
TNS   : 0.000

Type  : Fast 1100mV 0C Model Setup 'CLOCK_50_B5B'
Slack : -2.421
TNS   : -29.712

Type  : Fast 1100mV 0C Model Setup 'hz10'
Slack : -0.418
TNS   : -6.874

Type  : Fast 1100mV 0C Model Hold 'CLOCK_50_B5B'
Slack : 0.193
TNS   : 0.000

Type  : Fast 1100mV 0C Model Hold 'hz10'
Slack : 0.247
TNS   : 0.000

Type  : Fast 1100mV 0C Model Minimum Pulse Width 'CLOCK_50_B5B'
Slack : -0.736
TNS   : -15.706

Type  : Fast 1100mV 0C Model Minimum Pulse Width 'hz10'
Slack : 0.114
TNS   : 0.000

------------------------------------------------------------
