------------------------------------------------------------
Timing Analyzer Summary
------------------------------------------------------------

Type  : Slow 1100mV 85C Model Setup 'KEY[0]'
Slack : -1.882
TNS   : -15.144

Type  : Slow 1100mV 85C Model Setup 'CLOCK_50_B5B'
Slack : -1.800
TNS   : -13.293

Type  : Slow 1100mV 85C Model Hold 'KEY[0]'
Slack : 0.268
TNS   : 0.000

Type  : Slow 1100mV 85C Model Hold 'CLOCK_50_B5B'
Slack : 0.783
TNS   : 0.000

Type  : Slow 1100mV 85C Model Minimum Pulse Width 'KEY[0]'
Slack : -0.538
TNS   : -15.372

Type  : Slow 1100mV 85C Model Minimum Pulse Width 'CLOCK_50_B5B'
Slack : -0.538
TNS   : -7.341

Type  : Slow 1100mV 0C Model Setup 'CLOCK_50_B5B'
Slack : -1.975
TNS   : -14.348

Type  : Slow 1100mV 0C Model Setup 'KEY[0]'
Slack : -1.765
TNS   : -14.284

Type  : Slow 1100mV 0C Model Hold 'KEY[0]'
Slack : 0.248
TNS   : 0.000

Type  : Slow 1100mV 0C Model Hold 'CLOCK_50_B5B'
Slack : 0.783
TNS   : 0.000

Type  : Slow 1100mV 0C Model Minimum Pulse Width 'KEY[0]'
Slack : -0.538
TNS   : -15.775

Type  : Slow 1100mV 0C Model Minimum Pulse Width 'CLOCK_50_B5B'
Slack : -0.538
TNS   : -6.965

Type  : Fast 1100mV 85C Model Setup 'KEY[0]'
Slack : -0.324
TNS   : -1.843

Type  : Fast 1100mV 85C Model Setup 'CLOCK_50_B5B'
Slack : -0.249
TNS   : -1.338

Type  : Fast 1100mV 85C Model Hold 'KEY[0]'
Slack : 0.136
TNS   : 0.000

Type  : Fast 1100mV 85C Model Hold 'CLOCK_50_B5B'
Slack : 0.371
TNS   : 0.000

Type  : Fast 1100mV 85C Model Minimum Pulse Width 'CLOCK_50_B5B'
Slack : -0.403
TNS   : -4.527

Type  : Fast 1100mV 85C Model Minimum Pulse Width 'KEY[0]'
Slack : 0.058
TNS   : 0.000

Type  : Fast 1100mV 0C Model Setup 'CLOCK_50_B5B'
Slack : -0.208
TNS   : -0.980

Type  : Fast 1100mV 0C Model Setup 'KEY[0]'
Slack : -0.117
TNS   : -0.383

Type  : Fast 1100mV 0C Model Hold 'KEY[0]'
Slack : 0.079
TNS   : 0.000

Type  : Fast 1100mV 0C Model Hold 'CLOCK_50_B5B'
Slack : 0.344
TNS   : 0.000

Type  : Fast 1100mV 0C Model Minimum Pulse Width 'CLOCK_50_B5B'
Slack : -0.441
TNS   : -5.448

Type  : Fast 1100mV 0C Model Minimum Pulse Width 'KEY[0]'
Slack : 0.048
TNS   : 0.000

------------------------------------------------------------
