------------------------------------------------------------
Timing Analyzer Summary
------------------------------------------------------------

Type  : Slow 1100mV 85C Model Setup 'CLOCK_50_B5B'
Slack : -1.467
TNS   : -26.070

Type  : Slow 1100mV 85C Model Hold 'CLOCK_50_B5B'
Slack : 0.437
TNS   : 0.000

Type  : Slow 1100mV 85C Model Minimum Pulse Width 'CLOCK_50_B5B'
Slack : -0.538
TNS   : -25.982

Type  : Slow 1100mV 0C Model Setup 'CLOCK_50_B5B'
Slack : -1.655
TNS   : -28.152

Type  : Slow 1100mV 0C Model Hold 'CLOCK_50_B5B'
Slack : 0.442
TNS   : 0.000

Type  : Slow 1100mV 0C Model Minimum Pulse Width 'CLOCK_50_B5B'
Slack : -0.538
TNS   : -24.948

Type  : Fast 1100mV 85C Model Setup 'CLOCK_50_B5B'
Slack : -0.100
TNS   : -0.335

Type  : Fast 1100mV 85C Model Hold 'CLOCK_50_B5B'
Slack : 0.197
TNS   : 0.000

Type  : Fast 1100mV 85C Model Minimum Pulse Width 'CLOCK_50_B5B'
Slack : -0.408
TNS   : -15.175

Type  : Fast 1100mV 0C Model Setup 'CLOCK_50_B5B'
Slack : -0.085
TNS   : -0.247

Type  : Fast 1100mV 0C Model Hold 'CLOCK_50_B5B'
Slack : 0.187
TNS   : 0.000

Type  : Fast 1100mV 0C Model Minimum Pulse Width 'CLOCK_50_B5B'
Slack : -0.443
TNS   : -17.862

------------------------------------------------------------
