------------------------------------------------------------
Timing Analyzer Summary
------------------------------------------------------------

Type  : Slow 1100mV 85C Model Setup 'CLOCK_50_B5B'
Slack : -1.779
TNS   : -50.133

Type  : Slow 1100mV 85C Model Hold 'CLOCK_50_B5B'
Slack : 0.436
TNS   : 0.000

Type  : Slow 1100mV 85C Model Minimum Pulse Width 'CLOCK_50_B5B'
Slack : -0.538
TNS   : -38.145

Type  : Slow 1100mV 0C Model Setup 'CLOCK_50_B5B'
Slack : -1.977
TNS   : -54.640

Type  : Slow 1100mV 0C Model Hold 'CLOCK_50_B5B'
Slack : 0.442
TNS   : 0.000

Type  : Slow 1100mV 0C Model Minimum Pulse Width 'CLOCK_50_B5B'
Slack : -0.538
TNS   : -36.527

Type  : Fast 1100mV 85C Model Setup 'CLOCK_50_B5B'
Slack : -0.326
TNS   : -3.621

Type  : Fast 1100mV 85C Model Hold 'CLOCK_50_B5B'
Slack : 0.196
TNS   : 0.000

Type  : Fast 1100mV 85C Model Minimum Pulse Width 'CLOCK_50_B5B'
Slack : -0.410
TNS   : -22.079

Type  : Fast 1100mV 0C Model Setup 'CLOCK_50_B5B'
Slack : -0.259
TNS   : -2.900

Type  : Fast 1100mV 0C Model Hold 'CLOCK_50_B5B'
Slack : 0.186
TNS   : 0.000

Type  : Fast 1100mV 0C Model Minimum Pulse Width 'CLOCK_50_B5B'
Slack : -0.445
TNS   : -25.967

------------------------------------------------------------
