------------------------------------------------------------
Timing Analyzer Summary
------------------------------------------------------------

Type  : Slow 1100mV 85C Model Setup 'CLOCK_50_B5B'
Slack : -1.805
TNS   : -51.709

Type  : Slow 1100mV 85C Model Hold 'CLOCK_50_B5B'
Slack : 0.419
TNS   : 0.000

Type  : Slow 1100mV 85C Model Minimum Pulse Width 'CLOCK_50_B5B'
Slack : -0.538
TNS   : -38.550

Type  : Slow 1100mV 0C Model Setup 'CLOCK_50_B5B'
Slack : -2.006
TNS   : -56.230

Type  : Slow 1100mV 0C Model Hold 'CLOCK_50_B5B'
Slack : 0.430
TNS   : 0.000

Type  : Slow 1100mV 0C Model Minimum Pulse Width 'CLOCK_50_B5B'
Slack : -0.538
TNS   : -36.878

Type  : Fast 1100mV 85C Model Setup 'CLOCK_50_B5B'
Slack : -0.283
TNS   : -3.071

Type  : Fast 1100mV 85C Model Hold 'CLOCK_50_B5B'
Slack : 0.196
TNS   : 0.000

Type  : Fast 1100mV 85C Model Minimum Pulse Width 'CLOCK_50_B5B'
Slack : -0.406
TNS   : -21.938

Type  : Fast 1100mV 0C Model Setup 'CLOCK_50_B5B'
Slack : -0.265
TNS   : -2.551

Type  : Fast 1100mV 0C Model Hold 'CLOCK_50_B5B'
Slack : 0.184
TNS   : 0.000

Type  : Fast 1100mV 0C Model Minimum Pulse Width 'CLOCK_50_B5B'
Slack : -0.443
TNS   : -25.925

------------------------------------------------------------
