------------------------------------------------------------
Timing Analyzer Summary
------------------------------------------------------------

Type  : Slow 1100mV 85C Model Setup 'CLOCK_50_B5B'
Slack : -1.149
TNS   : -8.597

Type  : Slow 1100mV 85C Model Hold 'CLOCK_50_B5B'
Slack : 0.441
TNS   : 0.000

Type  : Slow 1100mV 85C Model Minimum Pulse Width 'CLOCK_50_B5B'
Slack : -0.538
TNS   : -7.758

Type  : Slow 1100mV 0C Model Setup 'CLOCK_50_B5B'
Slack : -1.290
TNS   : -9.650

Type  : Slow 1100mV 0C Model Hold 'CLOCK_50_B5B'
Slack : 0.447
TNS   : 0.000

Type  : Slow 1100mV 0C Model Minimum Pulse Width 'CLOCK_50_B5B'
Slack : -0.538
TNS   : -7.761

Type  : Fast 1100mV 85C Model Setup 'CLOCK_50_B5B'
Slack : 0.047
TNS   : 0.000

Type  : Fast 1100mV 85C Model Hold 'CLOCK_50_B5B'
Slack : 0.209
TNS   : 0.000

Type  : Fast 1100mV 85C Model Minimum Pulse Width 'CLOCK_50_B5B'
Slack : -0.370
TNS   : -4.318

Type  : Fast 1100mV 0C Model Setup 'CLOCK_50_B5B'
Slack : 0.068
TNS   : 0.000

Type  : Fast 1100mV 0C Model Hold 'CLOCK_50_B5B'
Slack : 0.194
TNS   : 0.000

Type  : Fast 1100mV 0C Model Minimum Pulse Width 'CLOCK_50_B5B'
Slack : -0.413
TNS   : -5.424

------------------------------------------------------------
